++ dirname ./startserver.sh
+ BASEDIR=.
+ SCRIPTPATH=./../../rtun-routing
+ export PYTHONPATH=./../../torpy-rtun-fork/
+ PYTHONPATH=./../../torpy-rtun-fork/
+ python3 ./../../rtun-routing/rtun.py -v INFO -g staysafeandgoodluck -f rendezvous.txt -t peer1peer2 -n default -i 3 -d 2
Traceback (most recent call last):
  File "/home/vboxuser/Git/imt4905/rtun-routing/lsr.py", line 123, in run
    self.serverSide(queue_data)
  File "/home/vboxuser/Git/imt4905/rtun-routing/lsr.py", line 259, in serverSide
    send_to_stream(router['NID'], pickle.dumps(self.LSA_DB[local_copy_LSA['RID']]))
KeyError: 'P1'
Exception ignored in: <module 'threading' from '/usr/lib/python3.9/threading.py'>
Traceback (most recent call last):
  File "/usr/lib/python3.9/threading.py", line 1428, in _shutdown
    lock.acquire()
KeyboardInterrupt: 
