++ dirname ./startserver.sh
+ BASEDIR=.
+ SCRIPTPATH=./../../rtun-routing
+ export PYTHONPATH=./../../torpy-rtun-fork/
+ PYTHONPATH=./../../torpy-rtun-fork/
+ python3 ./../../rtun-routing/rtun.py -v INFO -g staysafeandgoodluck -f rendezvous.txt -t peer1peer2 -n default -i 5 -d 6
Exception in thread Establish-glenda0:
Traceback (most recent call last):
  File "/usr/lib/python3.9/threading.py", line 954, in _bootstrap_inner
    self.run()
  File "/home/vboxuser/Git/imt4905/rtun-routing/rendezvous.py", line 86, in run
    rendezvous2_cell = w.get(timeout=self.timeout)
  File "/home/vboxuser/Git/imt4905/torpy-rtun-fork/torpy/circuit.py", line 134, in get
    raise CellTimeoutError('Timeout wait for ' + cells_format(self._cell_types))
torpy.circuit.CellTimeoutError: Timeout wait for CellRelayRendezvous2
Exception in thread Establish-PRIVACYFIRST02:
Traceback (most recent call last):
  File "/usr/lib/python3.9/threading.py", line 954, in _bootstrap_inner
    self.run()
  File "/home/vboxuser/Git/imt4905/rtun-routing/rendezvous.py", line 86, in run
    rendezvous2_cell = w.get(timeout=self.timeout)
  File "/home/vboxuser/Git/imt4905/torpy-rtun-fork/torpy/circuit.py", line 134, in get
    raise CellTimeoutError('Timeout wait for ' + cells_format(self._cell_types))
torpy.circuit.CellTimeoutError: Timeout wait for CellRelayRendezvous2
Exception in thread Establish-unixcat:
Traceback (most recent call last):
  File "/usr/lib/python3.9/threading.py", line 954, in _bootstrap_inner
    self.run()
  File "/home/vboxuser/Git/imt4905/rtun-routing/rendezvous.py", line 78, in run
    circuit = self.build_circuit(guard_router, [ rendp_router ])
  File "/home/vboxuser/Git/imt4905/rtun-routing/rendezvous.py", line 191, in build_circuit
    circuit =  guard_router.create_circuit(hops_count=-1, extend_routers=extend_routers)
  File "/home/vboxuser/Git/imt4905/torpy-rtun-fork/torpy/utils.py", line 79, in newfn
    return func(*args, **kwargs)
  File "/home/vboxuser/Git/imt4905/torpy-rtun-fork/torpy/guard.py", line 147, in create_circuit
    circuit.extend(router)
  File "/home/vboxuser/Git/imt4905/torpy-rtun-fork/torpy/circuit.py", line 321, in wrapped
    return fn(self, *args, **kwargs)
  File "/home/vboxuser/Git/imt4905/torpy-rtun-fork/torpy/circuit.py", line 575, in extend
    recv_cell = self.send_relay_wait(
  File "/home/vboxuser/Git/imt4905/torpy-rtun-fork/torpy/circuit.py", line 551, in send_relay_wait
    return w.get()
  File "/home/vboxuser/Git/imt4905/torpy-rtun-fork/torpy/circuit.py", line 134, in get
    raise CellTimeoutError('Timeout wait for ' + cells_format(self._cell_types))
torpy.circuit.CellTimeoutError: Timeout wait for CellRelayExtended2 or CellRelayTruncated
Exception in thread Establish-RegularCitizen:
Traceback (most recent call last):
  File "/usr/lib/python3.9/threading.py", line 954, in _bootstrap_inner
    self.run()
  File "/home/vboxuser/Git/imt4905/rtun-routing/rendezvous.py", line 86, in run
    rendezvous2_cell = w.get(timeout=self.timeout)
  File "/home/vboxuser/Git/imt4905/torpy-rtun-fork/torpy/circuit.py", line 134, in get
    raise CellTimeoutError('Timeout wait for ' + cells_format(self._cell_types))
torpy.circuit.CellTimeoutError: Timeout wait for CellRelayRendezvous2
Exception ignored in: <module 'threading' from '/usr/lib/python3.9/threading.py'>
Traceback (most recent call last):
  File "/usr/lib/python3.9/threading.py", line 1428, in _shutdown
    lock.acquire()
KeyboardInterrupt: 
