++ dirname ./startserver.sh
+ BASEDIR=.
+ SCRIPTPATH=./../../rtun-routing
+ export PYTHONPATH=./../../torpy-rtun-fork/
+ PYTHONPATH=./../../torpy-rtun-fork/
+ python3 ./../../rtun-routing/rtun.py -v INFO -g staysafeandgoodluck -f rendezvous.txt -l -t peer1peer2 -n default -i 1 -d 2
/home/vboxuser/Git/imt4905/rtun-routing/lsr.py:514: SyntaxWarning: "is" with a literal. Did you mean "=="?
  if args[3] is 1:
Exception in thread Establish-Freebird33:
Traceback (most recent call last):
  File "/usr/lib/python3.9/threading.py", line 954, in _bootstrap_inner
    self.run()
  File "/home/vboxuser/Git/imt4905/rtun-routing/rendezvous.py", line 76, in run
    circuit = self.build_circuit(guard_router, [ rendp_router ])
  File "/home/vboxuser/Git/imt4905/rtun-routing/rendezvous.py", line 189, in build_circuit
    circuit =  guard_router.create_circuit(hops_count=-1, extend_routers=extend_routers)
  File "/home/vboxuser/Git/imt4905/torpy-rtun-fork/torpy/utils.py", line 79, in newfn
    return func(*args, **kwargs)
  File "/home/vboxuser/Git/imt4905/torpy-rtun-fork/torpy/guard.py", line 147, in create_circuit
    circuit.extend(router)
  File "/home/vboxuser/Git/imt4905/torpy-rtun-fork/torpy/circuit.py", line 321, in wrapped
    return fn(self, *args, **kwargs)
  File "/home/vboxuser/Git/imt4905/torpy-rtun-fork/torpy/circuit.py", line 575, in extend
    recv_cell = self.send_relay_wait(
  File "/home/vboxuser/Git/imt4905/torpy-rtun-fork/torpy/circuit.py", line 551, in send_relay_wait
    return w.get()
  File "/home/vboxuser/Git/imt4905/torpy-rtun-fork/torpy/circuit.py", line 134, in get
    raise CellTimeoutError('Timeout wait for ' + cells_format(self._cell_types))
torpy.circuit.CellTimeoutError: Timeout wait for CellRelayExtended2 or CellRelayTruncated
Exception in thread Establish-Quetzalcoatl:
Traceback (most recent call last):
  File "/usr/lib/python3.9/threading.py", line 954, in _bootstrap_inner
    self.run()
  File "/home/vboxuser/Git/imt4905/rtun-routing/rendezvous.py", line 84, in run
    rendezvous2_cell = w.get(timeout=600)
  File "/home/vboxuser/Git/imt4905/torpy-rtun-fork/torpy/circuit.py", line 134, in get
    raise CellTimeoutError('Timeout wait for ' + cells_format(self._cell_types))
torpy.circuit.CellTimeoutError: Timeout wait for CellRelayRendezvous2
Exception in thread Establish-Assange036us:
Traceback (most recent call last):
  File "/usr/lib/python3.9/threading.py", line 954, in _bootstrap_inner
    self.run()
  File "/home/vboxuser/Git/imt4905/rtun-routing/rendezvous.py", line 84, in run
    rendezvous2_cell = w.get(timeout=600)
  File "/home/vboxuser/Git/imt4905/torpy-rtun-fork/torpy/circuit.py", line 134, in get
    raise CellTimeoutError('Timeout wait for ' + cells_format(self._cell_types))
torpy.circuit.CellTimeoutError: Timeout wait for CellRelayRendezvous2
Exception in thread HEART BEAT:
Traceback (most recent call last):
  File "/usr/lib/python3.9/threading.py", line 954, in _bootstrap_inner
    self.run()
  File "/home/vboxuser/Git/imt4905/rtun-routing/lsr.py", line 831, in run
    self.broadcastHB()
  File "/home/vboxuser/Git/imt4905/rtun-routing/lsr.py", line 842, in broadcastHB
    send_to_stream( neighbour['NID'], message)
  File "/home/vboxuser/Git/imt4905/rtun-routing/lsr.py", line 1301, in send_to_stream
    rnd.snd_data(message, 
  File "/home/vboxuser/Git/imt4905/rtun-routing/rendezvous.py", line 420, in snd_data
    rcv_sock.send_cell(relay_cell)
  File "/home/vboxuser/Git/imt4905/torpy-rtun-fork/torpy/cell_socket.py", line 88, in send_cell
    self._socket.write(buffer)
  File "/usr/lib/python3.9/ssl.py", line 1118, in write
    return self._sslobj.write(data)
BrokenPipeError: [Errno 32] Broken pipe
Exception in thread SENDER:
Traceback (most recent call last):
  File "/usr/lib/python3.9/threading.py", line 954, in _bootstrap_inner
    self.run()
  File "/home/vboxuser/Git/imt4905/rtun-routing/lsr.py", line 799, in run
    self.clientSide()
  File "/home/vboxuser/Git/imt4905/rtun-routing/lsr.py", line 816, in clientSide
    send_to_stream(dict['NID'], message)
  File "/home/vboxuser/Git/imt4905/rtun-routing/lsr.py", line 1301, in send_to_stream
    rnd.snd_data(message, 
  File "/home/vboxuser/Git/imt4905/rtun-routing/rendezvous.py", line 420, in snd_data
    rcv_sock.send_cell(relay_cell)
  File "/home/vboxuser/Git/imt4905/torpy-rtun-fork/torpy/cell_socket.py", line 88, in send_cell
    self._socket.write(buffer)
  File "/usr/lib/python3.9/ssl.py", line 1118, in write
    return self._sslobj.write(data)
BrokenPipeError: [Errno 32] Broken pipe
Exception in thread Establish-udeserveprivacy:
Traceback (most recent call last):
  File "/usr/lib/python3.9/threading.py", line 954, in _bootstrap_inner
    self.run()
  File "/home/vboxuser/Git/imt4905/rtun-routing/rendezvous.py", line 84, in run
    rendezvous2_cell = w.get(timeout=600)
  File "/home/vboxuser/Git/imt4905/torpy-rtun-fork/torpy/circuit.py", line 134, in get
    raise CellTimeoutError('Timeout wait for ' + cells_format(self._cell_types))
torpy.circuit.CellTimeoutError: Timeout wait for CellRelayRendezvous2
Exception ignored in: <module 'threading' from '/usr/lib/python3.9/threading.py'>
Traceback (most recent call last):
  File "/usr/lib/python3.9/threading.py", line 1428, in _shutdown
    lock.acquire()
KeyboardInterrupt: 
