++ dirname ./startserver.sh
+ BASEDIR=.
+ SCRIPTPATH=./../../rtun-routing
+ export PYTHONPATH=./../../torpy-rtun-fork/
+ PYTHONPATH=./../../torpy-rtun-fork/
+ python3 ./../../rtun-routing/rtun.py -v INFO -g staysafeandgoodluck -f rendezvous.txt -t peer1peer2 -n default -i 2 -d 1
Traceback (most recent call last):
  File "/home/vboxuser/Git/imt4905/rtun-routing/lsr.py", line 123, in run
    self.serverSide(queue_data)
  File "/home/vboxuser/Git/imt4905/rtun-routing/lsr.py", line 141, in serverSide
    local_copy_LSA = pickle.loads(queue_data[0]['data'])
_pickle.UnpicklingError: pickle data was truncated
Exception in thread SENDER:
Traceback (most recent call last):
  File "/usr/lib/python3.9/threading.py", line 954, in _bootstrap_inner
    self.run()
  File "/home/vboxuser/Git/imt4905/rtun-routing/lsr.py", line 799, in run
    self.clientSide()
  File "/home/vboxuser/Git/imt4905/rtun-routing/lsr.py", line 816, in clientSide
    send_to_stream(dict['NID'], message)
  File "/home/vboxuser/Git/imt4905/rtun-routing/lsr.py", line 1301, in send_to_stream
    rnd.snd_data(message, 
  File "/home/vboxuser/Git/imt4905/rtun-routing/rendezvous.py", line 420, in snd_data
    rcv_sock.send_cell(relay_cell)
  File "/home/vboxuser/Git/imt4905/torpy-rtun-fork/torpy/cell_socket.py", line 88, in send_cell
    self._socket.write(buffer)
  File "/usr/lib/python3.9/ssl.py", line 1118, in write
    return self._sslobj.write(data)
BrokenPipeError: [Errno 32] Broken pipe
Exception in thread HEART BEAT:
Traceback (most recent call last):
  File "/usr/lib/python3.9/threading.py", line 954, in _bootstrap_inner
    self.run()
  File "/home/vboxuser/Git/imt4905/rtun-routing/lsr.py", line 831, in run
    self.broadcastHB()
  File "/home/vboxuser/Git/imt4905/rtun-routing/lsr.py", line 842, in broadcastHB
    send_to_stream( neighbour['NID'], message)
  File "/home/vboxuser/Git/imt4905/rtun-routing/lsr.py", line 1301, in send_to_stream
    rnd.snd_data(message, 
  File "/home/vboxuser/Git/imt4905/rtun-routing/rendezvous.py", line 420, in snd_data
    rcv_sock.send_cell(relay_cell)
  File "/home/vboxuser/Git/imt4905/torpy-rtun-fork/torpy/cell_socket.py", line 88, in send_cell
    self._socket.write(buffer)
  File "/usr/lib/python3.9/ssl.py", line 1118, in write
    return self._sslobj.write(data)
BrokenPipeError: [Errno 32] Broken pipe
Exception in thread Establish-p8miz7ttgr5:
Traceback (most recent call last):
  File "/usr/lib/python3.9/threading.py", line 954, in _bootstrap_inner
    self.run()
  File "/home/vboxuser/Git/imt4905/rtun-routing/rendezvous.py", line 84, in run
    rendezvous2_cell = w.get(timeout=600)
  File "/home/vboxuser/Git/imt4905/torpy-rtun-fork/torpy/circuit.py", line 134, in get
    raise CellTimeoutError('Timeout wait for ' + cells_format(self._cell_types))
torpy.circuit.CellTimeoutError: Timeout wait for CellRelayRendezvous2
Exception ignored in: <module 'threading' from '/usr/lib/python3.9/threading.py'>
Traceback (most recent call last):
  File "/usr/lib/python3.9/threading.py", line 1428, in _shutdown
    lock.acquire()
KeyboardInterrupt: 
